// Vitest Snapshot v1, https://vitest.dev/guide/snapshot.html

exports[`validate requests using valibot schemas > validate body > returns 200 if body matches validation schema 1`] = `
{
  "required": true,
}
`;

exports[`validate requests using valibot schemas > validate body > throws 400 if body does not match validation schema 1`] = `
{
  "message": "Invalid type: Expected boolean but received undefined",
  "statusCode": 400,
  "statusMessage": "Invalid type: Expected boolean but received undefined",
  "url": "/api/validate/body",
}
`;

exports[`validate requests using valibot schemas > validate query > returns 200 if query matches validation schema 1`] = `
{
  "user": "nitro",
}
`;

exports[`validate requests using valibot schemas > validate query > throws 400 if query does not match validation schema 1`] = `
{
  "message": "Invalid type: Expected string but received undefined",
  "statusCode": 400,
  "statusMessage": "Invalid type: Expected string but received undefined",
  "url": "/api/validate/query",
}
`;
